2026-03-25 20:53:52 INFO  TC001_AccountRegistrationTest:15 - ***** Starting TC001_AccountRegistrationTest  ****
2026-03-25 20:53:53 INFO  TC001_AccountRegistrationTest:21 - Clicked on MyAccount Link.. 
2026-03-25 20:53:53 INFO  TC001_AccountRegistrationTest:24 - Clicked on Register Link.. 
2026-03-25 20:53:53 INFO  TC001_AccountRegistrationTest:28 - Providing customer details...
2026-03-25 20:53:54 INFO  TC001_AccountRegistrationTest:42 - Validating expected message..
2026-03-25 20:53:54 INFO  TC001_AccountRegistrationTest:47 - Test passed
2026-03-25 20:53:54 INFO  TC001_AccountRegistrationTest:56 - ***** Finished TC001_AccountRegistrationTest *****
2026-03-25 20:53:56 INFO  TC002_LoginTest:16 - ****** Startign TC_002_LoginTest *****
2026-03-25 20:53:58 INFO  TC002_LoginTest:41 - ****** Finished TC_002_LoginTest *****
2026-03-25 22:26:03 INFO  TC001_AccountRegistrationTest:15 - ***** Starting TC001_AccountRegistrationTest  ****
2026-03-25 22:26:03 INFO  TC001_AccountRegistrationTest:21 - Clicked on MyAccount Link.. 
2026-03-25 22:26:03 INFO  TC001_AccountRegistrationTest:24 - Clicked on Register Link.. 
2026-03-25 22:26:03 INFO  TC001_AccountRegistrationTest:28 - Providing customer details...
2026-03-25 22:26:05 INFO  TC001_AccountRegistrationTest:42 - Validating expected message..
2026-03-25 22:26:05 INFO  TC001_AccountRegistrationTest:47 - Test passed
2026-03-25 22:26:05 INFO  TC001_AccountRegistrationTest:56 - ***** Finished TC001_AccountRegistrationTest *****
2026-03-25 22:26:08 INFO  TC002_LoginTest:16 - ****** Startign TC_002_LoginTest *****
2026-03-25 22:26:10 INFO  TC002_LoginTest:41 - ****** Finished TC_002_LoginTest *****
2026-03-25 22:29:25 INFO  TC001_AccountRegistrationTest:15 - ***** Starting TC001_AccountRegistrationTest  ****
2026-03-25 22:29:25 INFO  TC001_AccountRegistrationTest:21 - Clicked on MyAccount Link.. 
2026-03-25 22:29:26 INFO  TC001_AccountRegistrationTest:24 - Clicked on Register Link.. 
2026-03-25 22:29:26 INFO  TC001_AccountRegistrationTest:28 - Providing customer details...
2026-03-25 22:29:28 INFO  TC001_AccountRegistrationTest:42 - Validating expected message..
2026-03-25 22:29:28 INFO  TC001_AccountRegistrationTest:47 - Test passed
2026-03-25 22:29:28 INFO  TC001_AccountRegistrationTest:56 - ***** Finished TC001_AccountRegistrationTest *****
2026-03-25 22:29:31 INFO  TC002_LoginTest:16 - ****** Startign TC_002_LoginTest *****
2026-03-25 22:29:32 INFO  TC002_LoginTest:41 - ****** Finished TC_002_LoginTest *****
